// Vitest Snapshot v1, https://vitest.dev/guide/snapshot.html

exports[`ProjectCard > matches snapshot 1`] = `"<div class=\\"hope-c-PJLV hope-c-PJLV-iccnQfy-css\\"><div class=\\"hope-flex hope-c-PJLV hope-c-PJLV-irwxpV-css\\"><div class=\\"hope-flex hope-c-PJLV hope-c-PJLV-iJOJYH-css\\"><div class=\\"hope-c-PJLV hope-c-PJLV-iimUhLW-css\\"><h4 class=\\"hope-c-PJLV hope-c-PJLV-iiMaggz-css\\">Project 1</h4></div><div class=\\"hope-c-PJLV hope-c-PJLV-ighSYUY-css\\"><h4 class=\\"hope-c-PJLV hope-c-PJLV-ieNBdSG-css\\">Tasks: 10</h4></div></div><div class=\\"hope-center hope-c-jKOUQW hope-c-PJLV hope-c-PJLV-iiLpPre-css\\"><div class=\\"hope-c-PJLV hope-c-PJLV-iimUhLW-css\\"><a link=\\"\\" href=\\"/projects/1/details\\" class=\\"hope-button hope-c-ivMHWx hope-c-ivMHWx-kcPQpq-variant-solid hope-c-ivMHWx-kWSPeQ-size-md hope-c-ivMHWx-dzltuD-cv hope-c-PJLV hope-c-PJLV-ijhzIfm-css inactive\\" type=\\"button\\" role=\\"button\\">View</a></div></div></div></div>"`;
