// Vitest Snapshot v1, https://vitest.dev/guide/snapshot.html

exports[`TaskCard > matches snapshot 1`] = `"<div class=\\"hope-c-PJLV hope-c-PJLV-iccnQfy-css\\"><div class=\\"hope-flex hope-c-PJLV hope-c-PJLV-irwxpV-css\\"><div class=\\"hope-c-PJLV hope-c-PJLV-iimUhLW-css\\"><h4 class=\\"hope-c-PJLV hope-c-PJLV-ijeSgNg-css\\">Task 1</h4><p class=\\"hope-c-PJLV hope-c-PJLV-iKyNOK-css\\">Task description</p></div><div class=\\"hope-center hope-c-jKOUQW hope-c-PJLV hope-c-PJLV-iiLpPre-css\\"><div class=\\"hope-c-PJLV hope-c-PJLV-iimUhLW-css\\"><button type=\\"button\\" role=\\"button\\" class=\\"hope-button hope-c-ivMHWx hope-c-ivMHWx-kcPQpq-variant-solid hope-c-ivMHWx-kWSPeQ-size-md hope-c-ivMHWx-dzltuD-cv hope-c-PJLV hope-c-PJLV-ijhzIfm-css\\">Complete</button></div></div></div></div>"`;
